#
# There is insufficient memory for the Java Runtime Environment to continue.
# Native memory allocation (malloc) failed to allocate 2130776 bytes. Error detail: Chunk::new
# Possible reasons:
#   The system is out of physical RAM or swap space
#   This process is running with CompressedOops enabled, and the Java Heap may be blocking the growth of the native heap
# Possible solutions:
#   Reduce memory load on the system
#   Increase physical memory or swap space
#   Check if swap backing store is full
#   Decrease Java heap size (-Xmx/-Xms)
#   Decrease number of Java threads
#   Decrease Java thread stack sizes (-Xss)
#   Set larger code cache with -XX:ReservedCodeCacheSize=
#   JVM is running with Unscaled Compressed Oops mode in which the Java heap is
#     placed in the first 4GB address space. The Java Heap base address is the
#     maximum limit for the native heap growth. Please use -XX:HeapBaseMinAddress
#     to set the Java Heap base and to place the Java Heap above 4GB virtual address.
# This output file may be truncated or incomplete.
#
#  Out of Memory Error (arena.cpp:186), pid=18592, tid=8472
#
# JRE version: OpenJDK Runtime Environment (25.0.2+10) (build 25.0.2+10-69)
# Java VM: OpenJDK 64-Bit Server VM (25.0.2+10-69, mixed mode, sharing, tiered, compressed oops, compressed class ptrs, g1 gc, windows-amd64)
# No core dump will be written. Minidumps are not enabled by default on client versions of Windows
#

---------------  S U M M A R Y ------------

Command Line: --enable-native-access=ALL-UNNAMED -Dclassworlds.conf=C:\Users\Boricia\.m2\wrapper\dists\apache-maven-3.9.16\0daed3be3ebd1c706f0e69e8b07c6b73f5cc4ea3dfce72a8d0ec2e849ca2ddb0\bin\m2.conf -Dmaven.home=C:\Users\Boricia\.m2\wrapper\dists\apache-maven-3.9.16\0daed3be3ebd1c706f0e69e8b07c6b73f5cc4ea3dfce72a8d0ec2e849ca2ddb0 -Dlibrary.jansi.path=C:\Users\Boricia\.m2\wrapper\dists\apache-maven-3.9.16\0daed3be3ebd1c706f0e69e8b07c6b73f5cc4ea3dfce72a8d0ec2e849ca2ddb0\lib\jansi-native -Dmaven.multiModuleProjectDirectory=C:\Users\Boricia\Documents\Projet spring\apv org.codehaus.plexus.classworlds.launcher.Launcher -Didea.version=2025.2.5 -Dmaven.ext.class.path=C:\Program Files\JetBrains\IntelliJ IDEA Community Edition 2025.2.5\plugins\maven\lib\maven-event-listener.jar -Djansi.passthrough=true -Dstyle.color=always -Dmaven.repo.local=C:\Users\Boricia\.m2\repository spring-boot:run

Host: 11th Gen Intel(R) Core(TM) i5-11300H @ 3.10GHz, 8 cores, 7G,  Windows 10 , 64 bit Build 19041 (10.0.19041.5915)
Time: Mon Aug 10 01:52:35 2026 elapsed time: 1.168102 seconds (0d 0h 0m 1s)

---------------  T H R E A D  ---------------

Current thread (0x000001fa4ea7ca60):  JavaThread "C2 CompilerThread0" daemon [_thread_in_native, id=8472, stack(0x0000001f89900000,0x0000001f89a00000) (1024K)]


Current CompileTask:
C2:1168 1300       4       org.codehaus.plexus.util.xml.pull.MXParser::nextImpl (1208 bytes)

Stack: [0x0000001f89900000,0x0000001f89a00000]
Native frames: (J=compiled Java code, j=interpreted, Vv=VM code, C=native code)
V  [jvm.dll+0x7a70f9]  (no source info available)
V  [jvm.dll+0x772d6d]  (no source info available)
V  [jvm.dll+0x965d53]  (no source info available)
V  [jvm.dll+0x968351]  (no source info available)
V  [jvm.dll+0x968a63]  (no source info available)
V  [jvm.dll+0x2fc846]  (no source info available)
V  [jvm.dll+0x111b16]  (no source info available)
V  [jvm.dll+0x111e3e]  (no source info available)
V  [jvm.dll+0x1a0872]  (no source info available)
V  [jvm.dll+0x3b54c2]  (no source info available)
V  [jvm.dll+0x7aca8f]  (no source info available)
V  [jvm.dll+0x2c0b97]  (no source info available)
V  [jvm.dll+0x2bfb5f]  (no source info available)
V  [jvm.dll+0x2379a0]  (no source info available)
V  [jvm.dll+0x2cfc86]  (no source info available)
V  [jvm.dll+0x2cdf05]  (no source info available)
V  [jvm.dll+0x48e9d1]  (no source info available)
V  [jvm.dll+0x906fcd]  (no source info available)
V  [jvm.dll+0x7a56d5]  (no source info available)
C  [ucrtbase.dll+0x21bb2]  (no source info available)
C  [KERNEL32.DLL+0x17374]  (no source info available)
C  [ntdll.dll+0x4cc91]  (no source info available)

Lock stack of current Java thread (top to bottom):


---------------  P R O C E S S  ---------------

Threads class SMR info:
_java_thread_list=0x000001fa5327cb00, length=11, elements={
0x000001fa2fb48bc0, 0x000001fa4ea68b90, 0x000001fa4ea6a360, 0x000001fa4ea6bd60,
0x000001fa4ea707b0, 0x000001fa4ea70f70, 0x000001fa4ea71730, 0x000001fa4ea7ca60,
0x000001fa4ea87f20, 0x000001fa4ebc5b10, 0x000001fa4ebcc110
}

Java Threads: ( => current thread )
  0x000001fa2fb48bc0 JavaThread "main"                              [_thread_in_native, id=29580, stack(0x0000001f88b00000,0x0000001f88c00000) (1024K)]
  0x000001fa4ea68b90 JavaThread "Reference Handler"          daemon [_thread_blocked, id=21084, stack(0x0000001f89300000,0x0000001f89400000) (1024K)]
  0x000001fa4ea6a360 JavaThread "Finalizer"                  daemon [_thread_blocked, id=16900, stack(0x0000001f89400000,0x0000001f89500000) (1024K)]
  0x000001fa4ea6bd60 JavaThread "Signal Dispatcher"          daemon [_thread_blocked, id=6412, stack(0x0000001f89500000,0x0000001f89600000) (1024K)]
  0x000001fa4ea707b0 JavaThread "Attach Listener"            daemon [_thread_blocked, id=12420, stack(0x0000001f89600000,0x0000001f89700000) (1024K)]
  0x000001fa4ea70f70 JavaThread "Service Thread"             daemon [_thread_blocked, id=10948, stack(0x0000001f89700000,0x0000001f89800000) (1024K)]
  0x000001fa4ea71730 JavaThread "Monitor Deflation Thread"   daemon [_thread_blocked, id=21992, stack(0x0000001f89800000,0x0000001f89900000) (1024K)]
=>0x000001fa4ea7ca60 JavaThread "C2 CompilerThread0"         daemon [_thread_in_native, id=8472, stack(0x0000001f89900000,0x0000001f89a00000) (1024K)]
  0x000001fa4ea87f20 JavaThread "C1 CompilerThread0"         daemon [_thread_in_native, id=24752, stack(0x0000001f89a00000,0x0000001f89b00000) (1024K)]
  0x000001fa4ebc5b10 JavaThread "Notification Thread"        daemon [_thread_blocked, id=9584, stack(0x0000001f89b00000,0x0000001f89c00000) (1024K)]
  0x000001fa4ebcc110 JavaThread "Common-Cleaner"             daemon [_thread_blocked, id=10272, stack(0x0000001f89c00000,0x0000001f89d00000) (1024K)]
Total: 11

Other Threads:
  0x000001fa4ea538b0 VMThread "VM Thread"                           [id=23256, stack(0x0000001f89200000,0x0000001f89300000) (1024K)]
  0x000001fa4ea40f90 WatcherThread "VM Periodic Task Thread"        [id=22852, stack(0x0000001f89100000,0x0000001f89200000) (1024K)]
  0x000001fa31dea610 WorkerThread "GC Thread#0"                     [id=19484, stack(0x0000001f88c00000,0x0000001f88d00000) (1024K)]
  0x000001fa31e02c60 ConcurrentGCThread "G1 Main Marker"            [id=25480, stack(0x0000001f88d00000,0x0000001f88e00000) (1024K)]
  0x000001fa31e071d0 WorkerThread "G1 Conc#0"                       [id=1168, stack(0x0000001f88e00000,0x0000001f88f00000) (1024K)]
  0x000001fa31e4e010 ConcurrentGCThread "G1 Refine#0"               [id=26384, stack(0x0000001f88f00000,0x0000001f89000000) (1024K)]
  0x000001fa31e4ea20 ConcurrentGCThread "G1 Service"                [id=16716, stack(0x0000001f89000000,0x0000001f89100000) (1024K)]
Total: 7

Threads with active compile tasks:
C2 CompilerThread0  1254 1300       4       org.codehaus.plexus.util.xml.pull.MXParser::nextImpl (1208 bytes)
C1 CompilerThread0  1254 1512       1       java.util.zip.ZipCoder::charset (5 bytes)
Total: 2

VM state: not at safepoint (normal execution)

VM Mutex/Monitor currently owned by a thread: None

Heap address: 0x0000000084000000, size: 1984 MB, Compressed Oops mode: 32-bit

CDS archive(s) mapped at: [0x0000000010000000-0x0000000010dd0000-0x0000000010dd0000), size 14483456, SharedBaseAddress: 0x0000000010000000, ArchiveRelocationMode: 1.
Compressed class space mapped at: 0x0000000011000000-0x0000000051000000, reserved size: 1073741824
UseCompressedClassPointers 1, UseCompactObjectHeaders 0
Narrow klass pointer bits 32, Max shift 3
Narrow klass base: 0x0000000010000000, Narrow klass shift: 0
Encoding Range: [0x0000000010000000 - 0x0000000110000000), (4294967296 bytes)
Klass Range:    [0x0000000010010000 - 0x0000000051000000), (1090453504 bytes)
Klass ID Range:  [65536 - 1090519033) (1090453497)
Protection zone: [0x0000000010000000 - 0x0000000010010000), (65536 bytes)

GC Precious Log:
 CardTable entry size: 512
 Card Set container configuration: InlinePtr #cards 5 size 8 Array Of Cards #cards 10 size 36 Howl #buckets 4 coarsen threshold 1843 Howl Bitmap #cards 512 size 80 coarsen threshold 460 Card regions per heap region 1 cards per card region 2048
 CPUs: 8 total, 8 available
 Memory: 7930M
 Large Page Support: Disabled
 NUMA Support: Disabled
 Compressed Oops: Enabled (32-bit)
 Heap Region Size: 1M
 Heap Min Capacity: 8M
 Heap Initial Capacity: 124M
 Heap Max Capacity: 1984M
 Pre-touch: Disabled
 Parallel Workers: 8
 Concurrent Workers: 2
 Concurrent Refinement Workers: 8
 Periodic GC: Disabled

Heap:
 garbage-first heap   total reserved 2031616K, committed 129024K, used 34963K [0x0000000084000000, 0x0000000100000000)
  region size 1024K, 34 young (34816K), 0 survivors (0K)

Heap Regions: E=young(eden), S=young(survivor), O=old, HS=humongous(starts), HC=humongous(continues), CS=collection set, F=free, TAMS=top-at-mark-start, PB=parsable bottom
|   0|0x0000000084000000, 0x0000000084000000, 0x0000000084100000|  0%| F|  |TAMS 0x0000000084000000| PB 0x0000000084000000| Untracked |  0
|   1|0x0000000084100000, 0x0000000084100000, 0x0000000084200000|  0%| F|  |TAMS 0x0000000084100000| PB 0x0000000084100000| Untracked |  0
|   2|0x0000000084200000, 0x0000000084200000, 0x0000000084300000|  0%| F|  |TAMS 0x0000000084200000| PB 0x0000000084200000| Untracked |  0
|   3|0x0000000084300000, 0x0000000084300000, 0x0000000084400000|  0%| F|  |TAMS 0x0000000084300000| PB 0x0000000084300000| Untracked |  0
|   4|0x0000000084400000, 0x0000000084400000, 0x0000000084500000|  0%| F|  |TAMS 0x0000000084400000| PB 0x0000000084400000| Untracked |  0
|   5|0x0000000084500000, 0x0000000084500000, 0x0000000084600000|  0%| F|  |TAMS 0x0000000084500000| PB 0x0000000084500000| Untracked |  0
|   6|0x0000000084600000, 0x0000000084600000, 0x0000000084700000|  0%| F|  |TAMS 0x0000000084600000| PB 0x0000000084600000| Untracked |  0
|   7|0x0000000084700000, 0x0000000084700000, 0x0000000084800000|  0%| F|  |TAMS 0x0000000084700000| PB 0x0000000084700000| Untracked |  0
|   8|0x0000000084800000, 0x0000000084800000, 0x0000000084900000|  0%| F|  |TAMS 0x0000000084800000| PB 0x0000000084800000| Untracked |  0
|   9|0x0000000084900000, 0x0000000084900000, 0x0000000084a00000|  0%| F|  |TAMS 0x0000000084900000| PB 0x0000000084900000| Untracked |  0
|  10|0x0000000084a00000, 0x0000000084a00000, 0x0000000084b00000|  0%| F|  |TAMS 0x0000000084a00000| PB 0x0000000084a00000| Untracked |  0
|  11|0x0000000084b00000, 0x0000000084b00000, 0x0000000084c00000|  0%| F|  |TAMS 0x0000000084b00000| PB 0x0000000084b00000| Untracked |  0
|  12|0x0000000084c00000, 0x0000000084c00000, 0x0000000084d00000|  0%| F|  |TAMS 0x0000000084c00000| PB 0x0000000084c00000| Untracked |  0
|  13|0x0000000084d00000, 0x0000000084d00000, 0x0000000084e00000|  0%| F|  |TAMS 0x0000000084d00000| PB 0x0000000084d00000| Untracked |  0
|  14|0x0000000084e00000, 0x0000000084e00000, 0x0000000084f00000|  0%| F|  |TAMS 0x0000000084e00000| PB 0x0000000084e00000| Untracked |  0
|  15|0x0000000084f00000, 0x0000000084f00000, 0x0000000085000000|  0%| F|  |TAMS 0x0000000084f00000| PB 0x0000000084f00000| Untracked |  0
|  16|0x0000000085000000, 0x0000000085000000, 0x0000000085100000|  0%| F|  |TAMS 0x0000000085000000| PB 0x0000000085000000| Untracked |  0
|  17|0x0000000085100000, 0x0000000085100000, 0x0000000085200000|  0%| F|  |TAMS 0x0000000085100000| PB 0x0000000085100000| Untracked |  0
|  18|0x0000000085200000, 0x0000000085200000, 0x0000000085300000|  0%| F|  |TAMS 0x0000000085200000| PB 0x0000000085200000| Untracked |  0
|  19|0x0000000085300000, 0x0000000085300000, 0x0000000085400000|  0%| F|  |TAMS 0x0000000085300000| PB 0x0000000085300000| Untracked |  0
|  20|0x0000000085400000, 0x0000000085400000, 0x0000000085500000|  0%| F|  |TAMS 0x0000000085400000| PB 0x0000000085400000| Untracked |  0
|  21|0x0000000085500000, 0x0000000085500000, 0x0000000085600000|  0%| F|  |TAMS 0x0000000085500000| PB 0x0000000085500000| Untracked |  0
|  22|0x0000000085600000, 0x0000000085600000, 0x0000000085700000|  0%| F|  |TAMS 0x0000000085600000| PB 0x0000000085600000| Untracked |  0
|  23|0x0000000085700000, 0x0000000085700000, 0x0000000085800000|  0%| F|  |TAMS 0x0000000085700000| PB 0x0000000085700000| Untracked |  0
|  24|0x0000000085800000, 0x0000000085800000, 0x0000000085900000|  0%| F|  |TAMS 0x0000000085800000| PB 0x0000000085800000| Untracked |  0
|  25|0x0000000085900000, 0x0000000085900000, 0x0000000085a00000|  0%| F|  |TAMS 0x0000000085900000| PB 0x0000000085900000| Untracked |  0
|  26|0x0000000085a00000, 0x0000000085a00000, 0x0000000085b00000|  0%| F|  |TAMS 0x0000000085a00000| PB 0x0000000085a00000| Untracked |  0
|  27|0x0000000085b00000, 0x0000000085b00000, 0x0000000085c00000|  0%| F|  |TAMS 0x0000000085b00000| PB 0x0000000085b00000| Untracked |  0
|  28|0x0000000085c00000, 0x0000000085c00000, 0x0000000085d00000|  0%| F|  |TAMS 0x0000000085c00000| PB 0x0000000085c00000| Untracked |  0
|  29|0x0000000085d00000, 0x0000000085d00000, 0x0000000085e00000|  0%| F|  |TAMS 0x0000000085d00000| PB 0x0000000085d00000| Untracked |  0
|  30|0x0000000085e00000, 0x0000000085e00000, 0x0000000085f00000|  0%| F|  |TAMS 0x0000000085e00000| PB 0x0000000085e00000| Untracked |  0
|  31|0x0000000085f00000, 0x0000000085f00000, 0x0000000086000000|  0%| F|  |TAMS 0x0000000085f00000| PB 0x0000000085f00000| Untracked |  0
|  32|0x0000000086000000, 0x0000000086000000, 0x0000000086100000|  0%| F|  |TAMS 0x0000000086000000| PB 0x0000000086000000| Untracked |  0
|  33|0x0000000086100000, 0x0000000086100000, 0x0000000086200000|  0%| F|  |TAMS 0x0000000086100000| PB 0x0000000086100000| Untracked |  0
|  34|0x0000000086200000, 0x0000000086200000, 0x0000000086300000|  0%| F|  |TAMS 0x0000000086200000| PB 0x0000000086200000| Untracked |  0
|  35|0x0000000086300000, 0x0000000086300000, 0x0000000086400000|  0%| F|  |TAMS 0x0000000086300000| PB 0x0000000086300000| Untracked |  0
|  36|0x0000000086400000, 0x0000000086400000, 0x0000000086500000|  0%| F|  |TAMS 0x0000000086400000| PB 0x0000000086400000| Untracked |  0
|  37|0x0000000086500000, 0x0000000086500000, 0x0000000086600000|  0%| F|  |TAMS 0x0000000086500000| PB 0x0000000086500000| Untracked |  0
|  38|0x0000000086600000, 0x0000000086600000, 0x0000000086700000|  0%| F|  |TAMS 0x0000000086600000| PB 0x0000000086600000| Untracked |  0
|  39|0x0000000086700000, 0x0000000086700000, 0x0000000086800000|  0%| F|  |TAMS 0x0000000086700000| PB 0x0000000086700000| Untracked |  0
|  40|0x0000000086800000, 0x0000000086800000, 0x0000000086900000|  0%| F|  |TAMS 0x0000000086800000| PB 0x0000000086800000| Untracked |  0
|  41|0x0000000086900000, 0x0000000086900000, 0x0000000086a00000|  0%| F|  |TAMS 0x0000000086900000| PB 0x0000000086900000| Untracked |  0
|  42|0x0000000086a00000, 0x0000000086a00000, 0x0000000086b00000|  0%| F|  |TAMS 0x0000000086a00000| PB 0x0000000086a00000| Untracked |  0
|  43|0x0000000086b00000, 0x0000000086b00000, 0x0000000086c00000|  0%| F|  |TAMS 0x0000000086b00000| PB 0x0000000086b00000| Untracked |  0
|  44|0x0000000086c00000, 0x0000000086c00000, 0x0000000086d00000|  0%| F|  |TAMS 0x0000000086c00000| PB 0x0000000086c00000| Untracked |  0
|  45|0x0000000086d00000, 0x0000000086d00000, 0x0000000086e00000|  0%| F|  |TAMS 0x0000000086d00000| PB 0x0000000086d00000| Untracked |  0
|  46|0x0000000086e00000, 0x0000000086e00000, 0x0000000086f00000|  0%| F|  |TAMS 0x0000000086e00000| PB 0x0000000086e00000| Untracked |  0
|  47|0x0000000086f00000, 0x0000000086f00000, 0x0000000087000000|  0%| F|  |TAMS 0x0000000086f00000| PB 0x0000000086f00000| Untracked |  0
|  48|0x0000000087000000, 0x0000000087000000, 0x0000000087100000|  0%| F|  |TAMS 0x0000000087000000| PB 0x0000000087000000| Untracked |  0
|  49|0x0000000087100000, 0x0000000087100000, 0x0000000087200000|  0%| F|  |TAMS 0x0000000087100000| PB 0x0000000087100000| Untracked |  0
|  50|0x0000000087200000, 0x0000000087200000, 0x0000000087300000|  0%| F|  |TAMS 0x0000000087200000| PB 0x0000000087200000| Untracked |  0
|  51|0x0000000087300000, 0x0000000087300000, 0x0000000087400000|  0%| F|  |TAMS 0x0000000087300000| PB 0x0000000087300000| Untracked |  0
|  52|0x0000000087400000, 0x0000000087400000, 0x0000000087500000|  0%| F|  |TAMS 0x0000000087400000| PB 0x0000000087400000| Untracked |  0
|  53|0x0000000087500000, 0x0000000087500000, 0x0000000087600000|  0%| F|  |TAMS 0x0000000087500000| PB 0x0000000087500000| Untracked |  0
|  54|0x0000000087600000, 0x0000000087600000, 0x0000000087700000|  0%| F|  |TAMS 0x0000000087600000| PB 0x0000000087600000| Untracked |  0
|  55|0x0000000087700000, 0x0000000087700000, 0x0000000087800000|  0%| F|  |TAMS 0x0000000087700000| PB 0x0000000087700000| Untracked |  0
|  56|0x0000000087800000, 0x0000000087800000, 0x0000000087900000|  0%| F|  |TAMS 0x0000000087800000| PB 0x0000000087800000| Untracked |  0
|  57|0x0000000087900000, 0x0000000087900000, 0x0000000087a00000|  0%| F|  |TAMS 0x0000000087900000| PB 0x0000000087900000| Untracked |  0
|  58|0x0000000087a00000, 0x0000000087a00000, 0x0000000087b00000|  0%| F|  |TAMS 0x0000000087a00000| PB 0x0000000087a00000| Untracked |  0
|  59|0x0000000087b00000, 0x0000000087b00000, 0x0000000087c00000|  0%| F|  |TAMS 0x0000000087b00000| PB 0x0000000087b00000| Untracked |  0
|  60|0x0000000087c00000, 0x0000000087c00000, 0x0000000087d00000|  0%| F|  |TAMS 0x0000000087c00000| PB 0x0000000087c00000| Untracked |  0
|  61|0x0000000087d00000, 0x0000000087d00000, 0x0000000087e00000|  0%| F|  |TAMS 0x0000000087d00000| PB 0x0000000087d00000| Untracked |  0
|  62|0x0000000087e00000, 0x0000000087e00000, 0x0000000087f00000|  0%| F|  |TAMS 0x0000000087e00000| PB 0x0000000087e00000| Untracked |  0
|  63|0x0000000087f00000, 0x0000000087f00000, 0x0000000088000000|  0%| F|  |TAMS 0x0000000087f00000| PB 0x0000000087f00000| Untracked |  0
|  64|0x0000000088000000, 0x0000000088000000, 0x0000000088100000|  0%| F|  |TAMS 0x0000000088000000| PB 0x0000000088000000| Untracked |  0
|  65|0x0000000088100000, 0x0000000088100000, 0x0000000088200000|  0%| F|  |TAMS 0x0000000088100000| PB 0x0000000088100000| Untracked |  0
|  66|0x0000000088200000, 0x0000000088200000, 0x0000000088300000|  0%| F|  |TAMS 0x0000000088200000| PB 0x0000000088200000| Untracked |  0
|  67|0x0000000088300000, 0x0000000088300000, 0x0000000088400000|  0%| F|  |TAMS 0x0000000088300000| PB 0x0000000088300000| Untracked |  0
|  68|0x0000000088400000, 0x0000000088400000, 0x0000000088500000|  0%| F|  |TAMS 0x0000000088400000| PB 0x0000000088400000| Untracked |  0
|  69|0x0000000088500000, 0x0000000088500000, 0x0000000088600000|  0%| F|  |TAMS 0x0000000088500000| PB 0x0000000088500000| Untracked |  0
|  70|0x0000000088600000, 0x0000000088600000, 0x0000000088700000|  0%| F|  |TAMS 0x0000000088600000| PB 0x0000000088600000| Untracked |  0
|  71|0x0000000088700000, 0x0000000088700000, 0x0000000088800000|  0%| F|  |TAMS 0x0000000088700000| PB 0x0000000088700000| Untracked |  0
|  72|0x0000000088800000, 0x0000000088800000, 0x0000000088900000|  0%| F|  |TAMS 0x0000000088800000| PB 0x0000000088800000| Untracked |  0
|  73|0x0000000088900000, 0x0000000088900000, 0x0000000088a00000|  0%| F|  |TAMS 0x0000000088900000| PB 0x0000000088900000| Untracked |  0
|  74|0x0000000088a00000, 0x0000000088a00000, 0x0000000088b00000|  0%| F|  |TAMS 0x0000000088a00000| PB 0x0000000088a00000| Untracked |  0
|  75|0x0000000088b00000, 0x0000000088b00000, 0x0000000088c00000|  0%| F|  |TAMS 0x0000000088b00000| PB 0x0000000088b00000| Untracked |  0
|  76|0x0000000088c00000, 0x0000000088c00000, 0x0000000088d00000|  0%| F|  |TAMS 0x0000000088c00000| PB 0x0000000088c00000| Untracked |  0
|  77|0x0000000088d00000, 0x0000000088d00000, 0x0000000088e00000|  0%| F|  |TAMS 0x0000000088d00000| PB 0x0000000088d00000| Untracked |  0
|  78|0x0000000088e00000, 0x0000000088e00000, 0x0000000088f00000|  0%| F|  |TAMS 0x0000000088e00000| PB 0x0000000088e00000| Untracked |  0
|  79|0x0000000088f00000, 0x0000000088f00000, 0x0000000089000000|  0%| F|  |TAMS 0x0000000088f00000| PB 0x0000000088f00000| Untracked |  0
|  80|0x0000000089000000, 0x0000000089000000, 0x0000000089100000|  0%| F|  |TAMS 0x0000000089000000| PB 0x0000000089000000| Untracked |  0
|  81|0x0000000089100000, 0x0000000089100000, 0x0000000089200000|  0%| F|  |TAMS 0x0000000089100000| PB 0x0000000089100000| Untracked |  0
|  82|0x0000000089200000, 0x0000000089200000, 0x0000000089300000|  0%| F|  |TAMS 0x0000000089200000| PB 0x0000000089200000| Untracked |  0
|  83|0x0000000089300000, 0x0000000089300000, 0x0000000089400000|  0%| F|  |TAMS 0x0000000089300000| PB 0x0000000089300000| Untracked |  0
|  84|0x0000000089400000, 0x0000000089400000, 0x0000000089500000|  0%| F|  |TAMS 0x0000000089400000| PB 0x0000000089400000| Untracked |  0
|  85|0x0000000089500000, 0x0000000089500000, 0x0000000089600000|  0%| F|  |TAMS 0x0000000089500000| PB 0x0000000089500000| Untracked |  0
|  86|0x0000000089600000, 0x0000000089600000, 0x0000000089700000|  0%| F|  |TAMS 0x0000000089600000| PB 0x0000000089600000| Untracked |  0
|  87|0x0000000089700000, 0x0000000089700000, 0x0000000089800000|  0%| F|  |TAMS 0x0000000089700000| PB 0x0000000089700000| Untracked |  0
|  88|0x0000000089800000, 0x0000000089800000, 0x0000000089900000|  0%| F|  |TAMS 0x0000000089800000| PB 0x0000000089800000| Untracked |  0
|  89|0x0000000089900000, 0x0000000089900000, 0x0000000089a00000|  0%| F|  |TAMS 0x0000000089900000| PB 0x0000000089900000| Untracked |  0
|  90|0x0000000089a00000, 0x0000000089b00000, 0x0000000089b00000|100%| E|  |TAMS 0x0000000089a00000| PB 0x0000000089a00000| Complete |  0
|  91|0x0000000089b00000, 0x0000000089c00000, 0x0000000089c00000|100%| E|CS|TAMS 0x0000000089b00000| PB 0x0000000089b00000| Complete |  0
|  92|0x0000000089c00000, 0x0000000089d00000, 0x0000000089d00000|100%| E|CS|TAMS 0x0000000089c00000| PB 0x0000000089c00000| Complete |  0
|  93|0x0000000089d00000, 0x0000000089e00000, 0x0000000089e00000|100%| E|CS|TAMS 0x0000000089d00000| PB 0x0000000089d00000| Complete |  0
|  94|0x0000000089e00000, 0x0000000089f00000, 0x0000000089f00000|100%| E|CS|TAMS 0x0000000089e00000| PB 0x0000000089e00000| Complete |  0
|  95|0x0000000089f00000, 0x000000008a000000, 0x000000008a000000|100%| E|CS|TAMS 0x0000000089f00000| PB 0x0000000089f00000| Complete |  0
|  96|0x000000008a000000, 0x000000008a100000, 0x000000008a100000|100%| E|CS|TAMS 0x000000008a000000| PB 0x000000008a000000| Complete |  0
|  97|0x000000008a100000, 0x000000008a200000, 0x000000008a200000|100%| E|CS|TAMS 0x000000008a100000| PB 0x000000008a100000| Complete |  0
|  98|0x000000008a200000, 0x000000008a300000, 0x000000008a300000|100%| E|CS|TAMS 0x000000008a200000| PB 0x000000008a200000| Complete |  0
|  99|0x000000008a300000, 0x000000008a400000, 0x000000008a400000|100%| E|CS|TAMS 0x000000008a300000| PB 0x000000008a300000| Complete |  0
| 100|0x000000008a400000, 0x000000008a500000, 0x000000008a500000|100%| E|CS|TAMS 0x000000008a400000| PB 0x000000008a400000| Complete |  0
| 101|0x000000008a500000, 0x000000008a600000, 0x000000008a600000|100%| E|CS|TAMS 0x000000008a500000| PB 0x000000008a500000| Complete |  0
| 102|0x000000008a600000, 0x000000008a700000, 0x000000008a700000|100%| E|CS|TAMS 0x000000008a600000| PB 0x000000008a600000| Complete |  0
| 103|0x000000008a700000, 0x000000008a800000, 0x000000008a800000|100%| E|CS|TAMS 0x000000008a700000| PB 0x000000008a700000| Complete |  0
| 104|0x000000008a800000, 0x000000008a900000, 0x000000008a900000|100%| E|CS|TAMS 0x000000008a800000| PB 0x000000008a800000| Complete |  0
| 105|0x000000008a900000, 0x000000008aa00000, 0x000000008aa00000|100%| E|CS|TAMS 0x000000008a900000| PB 0x000000008a900000| Complete |  0
| 106|0x000000008aa00000, 0x000000008ab00000, 0x000000008ab00000|100%| E|CS|TAMS 0x000000008aa00000| PB 0x000000008aa00000| Complete |  0
| 107|0x000000008ab00000, 0x000000008ac00000, 0x000000008ac00000|100%| E|CS|TAMS 0x000000008ab00000| PB 0x000000008ab00000| Complete |  0
| 108|0x000000008ac00000, 0x000000008ad00000, 0x000000008ad00000|100%| E|CS|TAMS 0x000000008ac00000| PB 0x000000008ac00000| Complete |  0
| 109|0x000000008ad00000, 0x000000008ae00000, 0x000000008ae00000|100%| E|CS|TAMS 0x000000008ad00000| PB 0x000000008ad00000| Complete |  0
| 110|0x000000008ae00000, 0x000000008af00000, 0x000000008af00000|100%| E|CS|TAMS 0x000000008ae00000| PB 0x000000008ae00000| Complete |  0
| 111|0x000000008af00000, 0x000000008b000000, 0x000000008b000000|100%| E|CS|TAMS 0x000000008af00000| PB 0x000000008af00000| Complete |  0
| 112|0x000000008b000000, 0x000000008b100000, 0x000000008b100000|100%| E|CS|TAMS 0x000000008b000000| PB 0x000000008b000000| Complete |  0
| 113|0x000000008b100000, 0x000000008b200000, 0x000000008b200000|100%| E|CS|TAMS 0x000000008b100000| PB 0x000000008b100000| Complete |  0
| 114|0x000000008b200000, 0x000000008b300000, 0x000000008b300000|100%| E|CS|TAMS 0x000000008b200000| PB 0x000000008b200000| Complete |  0
| 115|0x000000008b300000, 0x000000008b400000, 0x000000008b400000|100%| E|CS|TAMS 0x000000008b300000| PB 0x000000008b300000| Complete |  0
| 116|0x000000008b400000, 0x000000008b500000, 0x000000008b500000|100%| E|CS|TAMS 0x000000008b400000| PB 0x000000008b400000| Complete |  0
| 117|0x000000008b500000, 0x000000008b600000, 0x000000008b600000|100%| E|CS|TAMS 0x000000008b500000| PB 0x000000008b500000| Complete |  0
| 118|0x000000008b600000, 0x000000008b700000, 0x000000008b700000|100%| E|CS|TAMS 0x000000008b600000| PB 0x000000008b600000| Complete |  0
| 119|0x000000008b700000, 0x000000008b800000, 0x000000008b800000|100%| E|CS|TAMS 0x000000008b700000| PB 0x000000008b700000| Complete |  0
| 120|0x000000008b800000, 0x000000008b900000, 0x000000008b900000|100%| E|CS|TAMS 0x000000008b800000| PB 0x000000008b800000| Complete |  0
| 121|0x000000008b900000, 0x000000008ba00000, 0x000000008ba00000|100%| E|CS|TAMS 0x000000008b900000| PB 0x000000008b900000| Complete |  0
| 122|0x000000008ba00000, 0x000000008bb00000, 0x000000008bb00000|100%| E|CS|TAMS 0x000000008ba00000| PB 0x000000008ba00000| Complete |  0
| 123|0x000000008bb00000, 0x000000008bc00000, 0x000000008bc00000|100%| E|CS|TAMS 0x000000008bb00000| PB 0x000000008bb00000| Complete |  0
|1982|0x00000000ffe00000, 0x00000000fff00000, 0x00000000fff00000|100%| O|  |TAMS 0x00000000ffe00000| PB 0x00000000ffe00000| Untracked |  0
|1983|0x00000000fff00000, 0x00000000fff24ea8, 0x0000000100000000| 14%| O|  |TAMS 0x00000000fff00000| PB 0x00000000fff00000| Untracked |  0

Card table byte_map: [0x000001fa49d30000,0x000001fa4a110000] _byte_map_base: 0x000001fa49910000

Marking Bits: (CMBitMap*) 0x000001fa31deada0
 Bits: [0x000001fa4a110000, 0x000001fa4c010000)

Polling page: 0x000001fa31560000

Metaspace:
Metaspace        used 6307K, committed 6528K, reserved 1114112K
 class space     used 767K, committed 896K, reserved 1048576K

Usage:
  Non-class:      5.41 MB used.
      Class:    767.93 KB used.
       Both:      6.16 MB used.

Virtual space:
  Non-class space:       64.00 MB reserved,       5.50 MB (  9%) committed,  1 nodes.
      Class space:        1.00 GB reserved,     896.00 KB ( <1%) committed,  1 nodes.
             Both:        1.06 GB reserved,       6.38 MB ( <1%) committed. 

Chunk freelists:
   Non-Class:  8.66 MB
       Class:  15.17 MB
        Both:  23.83 MB

MaxMetaspaceSize: unlimited
CompressedClassSpaceSize: 1.00 GB
Initial GC threshold: 21.00 MB
Current GC threshold: 21.00 MB
CDS: on
 - commit_granule_bytes: 65536.
 - commit_granule_words: 8192.
 - virtual_space_node_default_size: 8388608.
 - enlarge_chunks_in_place: 1.
UseCompressedClassPointers 1, UseCompactObjectHeaders 0
Narrow klass pointer bits 32, Max shift 3
Narrow klass base: 0x0000000010000000, Narrow klass shift: 0
Encoding Range: [0x0000000010000000 - 0x0000000110000000), (4294967296 bytes)
Klass Range:    [0x0000000010010000 - 0x0000000051000000), (1090453504 bytes)
Klass ID Range:  [65536 - 1090519033) (1090453497)
Protection zone: [0x0000000010000000 - 0x0000000010010000), (65536 bytes)


Internal statistics:

num_allocs_failed_limit: 0.
num_arena_births: 56.
num_arena_deaths: 0.
num_vsnodes_births: 2.
num_vsnodes_deaths: 0.
num_space_committed: 102.
num_space_uncommitted: 0.
num_chunks_returned_to_freelist: 0.
num_chunks_taken_from_freelist: 252.
num_chunk_merges: 0.
num_chunk_splits: 160.
num_chunks_enlarged: 130.
num_inconsistent_stats: 0.

CodeHeap 'non-profiled nmethods': size=120064Kb used=434Kb max_used=434Kb free=119629Kb
 bounds [0x000001fa420e0000, 0x000001fa42350000, 0x000001fa49620000]
CodeHeap 'profiled nmethods': size=120000Kb used=2069Kb max_used=2069Kb free=117930Kb
 bounds [0x000001fa3a620000, 0x000001fa3a890000, 0x000001fa41b50000]
CodeHeap 'non-nmethods': size=5696Kb used=1458Kb max_used=1478Kb free=4237Kb
 bounds [0x000001fa41b50000, 0x000001fa41dc0000, 0x000001fa420e0000]
CodeCache: size=245760Kb, used=3961Kb, max_used=3981Kb, free=241796Kb
 total_blobs=1969, nmethods=1498, adapters=374, full_count=0
Compilation: enabled, stopped_count=0, restarted_count=0

Compilation events (20 events):
Event: 1.154 Thread 0x000001fa4ea87f20 1417 %     3       java.util.jar.JarFile::match @ 14 (132 bytes)
Event: 1.154 Thread 0x000001fa4ea87f20 nmethod 1417% 0x000001fa3a80d188 code [0x000001fa3a80d280, 0x000001fa3a80d8a0]
Event: 1.154 Thread 0x000001fa4ea87f20 1418   !   2       java.io.BufferedReader::readLine (331 bytes)
Event: 1.156 Thread 0x000001fa4ea87f20 nmethod 1418 0x000001fa3a80d908 code [0x000001fa3a80da00, 0x000001fa3a80e568]
Event: 1.156 Thread 0x000001fa4ea87f20 1419       2       java.nio.Buffer::hasRemaining (17 bytes)
Event: 1.156 Thread 0x000001fa4ea87f20 nmethod 1419 0x000001fa3a80e588 code [0x000001fa3a80e680, 0x000001fa3a80e798]
Event: 1.157 Thread 0x000001fa4ea87f20 1420       2       sun.nio.fs.WindowsPathParser::normalize (339 bytes)
Event: 1.158 Thread 0x000001fa4ea87f20 nmethod 1420 0x000001fa3a80e888 code [0x000001fa3a80e980, 0x000001fa3a80f908]
Event: 1.159 Thread 0x000001fa4ea87f20 1421       2       java.lang.Float::isNaN (12 bytes)
Event: 1.159 Thread 0x000001fa4ea87f20 nmethod 1421 0x000001fa3a80f988 code [0x000001fa3a80fa80, 0x000001fa3a80fb98]
Event: 1.159 Thread 0x000001fa4ea87f20 1422       2       java.lang.Math::abs (13 bytes)
Event: 1.159 Thread 0x000001fa4ea87f20 nmethod 1422 0x000001fa3a80fc88 code [0x000001fa3a80fd80, 0x000001fa3a80fea0]
Event: 1.159 Thread 0x000001fa4ea87f20 1423       2       java.util.HashMap::tableSizeFor (32 bytes)
Event: 1.160 Thread 0x000001fa4ea87f20 nmethod 1423 0x000001fa3a80ff88 code [0x000001fa3a810080, 0x000001fa3a8101f0]
Event: 1.161 Thread 0x000001fa4ea87f20 1426       2       jdk.internal.jimage.ImageStringsReader::stringFromByteBufferMatches (138 bytes)
Event: 1.162 Thread 0x000001fa4ea87f20 nmethod 1426 0x000001fa3a810288 code [0x000001fa3a810380, 0x000001fa3a810a48]
Event: 1.162 Thread 0x000001fa4ea87f20 1424       2       jdk.internal.jimage.ImageStringsReader::match (11 bytes)
Event: 1.162 Thread 0x000001fa4ea87f20 nmethod 1424 0x000001fa3a810a88 code [0x000001fa3a810b80, 0x000001fa3a810cb0]
Event: 1.162 Thread 0x000001fa4ea87f20 1425       2       jdk.internal.jimage.BasicImageReader::match (37 bytes)
Event: 1.162 Thread 0x000001fa4ea87f20 nmethod 1425 0x000001fa3a810d88 code [0x000001fa3a810e80, 0x000001fa3a811070]

GC Heap Usage History (0 events):
No events

Metaspace Usage History (0 events):
No events

Dll operation events (7 events):
Event: 0.010 Loaded shared library C:\Users\Boricia\.jdks\openjdk-25.0.2\bin\java.dll
Event: 0.056 Loaded shared library C:\Users\Boricia\.jdks\openjdk-25.0.2\bin\net.dll
Event: 0.058 Loaded shared library C:\Users\Boricia\.jdks\openjdk-25.0.2\bin\nio.dll
Event: 0.062 Loaded shared library C:\Users\Boricia\.jdks\openjdk-25.0.2\bin\zip.dll
Event: 0.343 Loaded shared library C:\Users\Boricia\.jdks\openjdk-25.0.2\bin\jimage.dll
Event: 0.344 Loaded shared library C:\Users\Boricia\.m2\wrapper\dists\apache-maven-3.9.16\0daed3be3ebd1c706f0e69e8b07c6b73f5cc4ea3dfce72a8d0ec2e849ca2ddb0\lib\jansi-native\Windows\x86_64\jansi.dll
Event: 0.366 Loaded shared library C:\Users\Boricia\.jdks\openjdk-25.0.2\bin\verify.dll

Deoptimization events (20 events):
Event: 1.023 Thread 0x000001fa2fb48bc0 Uncommon trap: trap_request=0xffffff45 fr.pc=0x000001fa42139314 relative=0x0000000000001894
Event: 1.023 Thread 0x000001fa2fb48bc0 Uncommon trap: reason=unstable_if action=reinterpret pc=0x000001fa42139314 method=java.nio.charset.CoderResult.isOverflow()Z @ 5 c2
Event: 1.024 Thread 0x000001fa2fb48bc0 DEOPT PACKING pc=0x000001fa42139314 sp=0x0000001f88bfdb50
Event: 1.024 Thread 0x000001fa2fb48bc0 DEOPT UNPACKING pc=0x000001fa41c7f482 sp=0x0000001f88bfd878 mode 2
Event: 1.027 Thread 0x000001fa2fb48bc0 Uncommon trap: trap_request=0xffffff45 fr.pc=0x000001fa4213b0c4 relative=0x0000000000000244
Event: 1.027 Thread 0x000001fa2fb48bc0 Uncommon trap: reason=unstable_if action=reinterpret pc=0x000001fa4213b0c4 method=java.io.Reader.read()I @ 12 c2
Event: 1.027 Thread 0x000001fa2fb48bc0 DEOPT PACKING pc=0x000001fa4213b0c4 sp=0x0000001f88bfdd60
Event: 1.027 Thread 0x000001fa2fb48bc0 DEOPT UNPACKING pc=0x000001fa41c7f482 sp=0x0000001f88bfdc70 mode 2
Event: 1.069 Thread 0x000001fa5329e190 Uncommon trap: trap_request=0xffffff45 fr.pc=0x000001fa42110ca0 relative=0x0000000000000320
Event: 1.069 Thread 0x000001fa5329e190 Uncommon trap: reason=unstable_if action=reinterpret pc=0x000001fa42110ca0 method=jdk.internal.util.ArraysSupport.mismatch([BI[BII)I @ 55 c2
Event: 1.069 Thread 0x000001fa5329e190 DEOPT PACKING pc=0x000001fa42110ca0 sp=0x0000001f89dff230
Event: 1.069 Thread 0x000001fa5329e190 DEOPT UNPACKING pc=0x000001fa41c7f482 sp=0x0000001f89dff118 mode 2
Event: 1.069 Thread 0x000001fa5329e190 Uncommon trap: trap_request=0xffffff45 fr.pc=0x000001fa4210e87c relative=0x000000000000027c
Event: 1.069 Thread 0x000001fa5329e190 Uncommon trap: reason=unstable_if action=reinterpret pc=0x000001fa4210e87c method=jdk.internal.util.ArraysSupport.mismatch([BI[BII)I @ 55 c2
Event: 1.069 Thread 0x000001fa5329e190 DEOPT PACKING pc=0x000001fa4210e87c sp=0x0000001f89dff150
Event: 1.069 Thread 0x000001fa5329e190 DEOPT UNPACKING pc=0x000001fa41c7f482 sp=0x0000001f89dff108 mode 2
Event: 1.085 Thread 0x000001fa2fb48bc0 Uncommon trap: trap_request=0xffffff45 fr.pc=0x000001fa4213c75c relative=0x0000000000000e5c
Event: 1.085 Thread 0x000001fa2fb48bc0 Uncommon trap: reason=unstable_if action=reinterpret pc=0x000001fa4213c75c method=sun.nio.cs.StreamDecoder.read([CII)I @ 185 c2
Event: 1.085 Thread 0x000001fa2fb48bc0 DEOPT PACKING pc=0x000001fa4213c75c sp=0x0000001f88bfde10
Event: 1.085 Thread 0x000001fa2fb48bc0 DEOPT UNPACKING pc=0x000001fa41c7f482 sp=0x0000001f88bfdb80 mode 2

Classes loaded (20 events):
Event: 0.926 Loading class java/util/concurrent/TimeoutException
Event: 0.926 Loading class java/util/concurrent/TimeoutException done
Event: 0.926 Loading class java/util/concurrent/CancellationException
Event: 0.926 Loading class java/util/concurrent/CancellationException done
Event: 0.937 Loading class java/lang/reflect/ParameterizedType
Event: 0.937 Loading class java/lang/reflect/ParameterizedType done
Event: 0.940 Loading class java/lang/reflect/WildcardType
Event: 0.940 Loading class java/lang/reflect/WildcardType done
Event: 0.944 Loading class sun/reflect/generics/tree/TypeVariableSignature
Event: 0.944 Loading class sun/reflect/generics/tree/TypeVariableSignature done
Event: 0.962 Loading class java/lang/annotation/IncompleteAnnotationException
Event: 0.962 Loading class java/lang/annotation/IncompleteAnnotationException done
Event: 1.024 Loading class java/lang/foreign/MemorySegment
Event: 1.025 Loading class java/lang/foreign/MemorySegment done
Event: 1.095 Loading class sun/reflect/generics/reflectiveObjects/TypeVariableImpl
Event: 1.095 Loading class sun/reflect/generics/reflectiveObjects/LazyReflectiveObjectGenerator
Event: 1.096 Loading class sun/reflect/generics/reflectiveObjects/LazyReflectiveObjectGenerator done
Event: 1.096 Loading class sun/reflect/generics/reflectiveObjects/TypeVariableImpl done
Event: 1.096 Loading class sun/reflect/generics/reflectiveObjects/ParameterizedTypeImpl
Event: 1.096 Loading class sun/reflect/generics/reflectiveObjects/ParameterizedTypeImpl done

Classes unloaded (0 events):
No events

Classes redefined (0 events):
No events

Internal exceptions (20 events):
Event: 0.352 Thread 0x000001fa2fb48bc0 Exception <a 'java/lang/NullPointerException'{0x000000008b50cca8}> (0x000000008b50cca8) 
thrown [s\open\src\hotspot\share\interpreter\linkResolver.cpp, line 1416]
Event: 0.355 Thread 0x000001fa2fb48bc0 Exception <a 'java/lang/NullPointerException'{0x000000008b51fe78}> (0x000000008b51fe78) 
thrown [s\open\src\hotspot\share\interpreter\linkResolver.cpp, line 1416]
Event: 0.355 Thread 0x000001fa2fb48bc0 Exception <a 'java/lang/NullPointerException'{0x000000008b520158}> (0x000000008b520158) 
thrown [s\open\src\hotspot\share\interpreter\linkResolver.cpp, line 1416]
Event: 0.355 Thread 0x000001fa2fb48bc0 Exception <a 'java/lang/NullPointerException'{0x000000008b520438}> (0x000000008b520438) 
thrown [s\open\src\hotspot\share\interpreter\linkResolver.cpp, line 1416]
Event: 0.355 Thread 0x000001fa2fb48bc0 Exception <a 'java/lang/NullPointerException'{0x000000008b520718}> (0x000000008b520718) 
thrown [s\open\src\hotspot\share\interpreter\linkResolver.cpp, line 1416]
Event: 0.379 Thread 0x000001fa2fb48bc0 Exception <a 'java/lang/NoSuchMethodError'{0x000000008b588c60}: 'void java.lang.invoke.DirectMethodHandle$Holder.invokeVirtual(java.lang.Object, java.lang.Object)'> (0x000000008b588c60) 
thrown [s\open\src\hotspot\share\interpreter\linkResolver.cpp, line 804]
Event: 0.384 Thread 0x000001fa2fb48bc0 Exception <a 'java/lang/NoSuchMethodError'{0x000000008b5ab618}: 'void java.lang.invoke.DirectMethodHandle$Holder.invokeStatic(java.lang.Object, java.lang.Object)'> (0x000000008b5ab618) 
thrown [s\open\src\hotspot\share\interpreter\linkResolver.cpp, line 804]
Event: 0.385 Thread 0x000001fa2fb48bc0 Exception <a 'java/lang/NoSuchMethodError'{0x000000008b5b33c0}: 'void java.lang.invoke.DirectMethodHandle$Holder.invokeStaticInit(java.lang.Object, java.lang.Object)'> (0x000000008b5b33c0) 
thrown [s\open\src\hotspot\share\interpreter\linkResolver.cpp, line 804]
Event: 0.393 Thread 0x000001fa2fb48bc0 Exception <a 'java/lang/NoSuchMethodError'{0x000000008b5e8738}: 'void java.lang.invoke.DirectMethodHandle$Holder.invokeSpecial(java.lang.Object, java.lang.Object, java.lang.Object, java.lang.Object, java.lang.Object)'> (0x000000008b5e8738) 
thrown [s\open\src\hotspot\share\interpreter\linkResolver.cpp, line 804]
Event: 0.412 Thread 0x000001fa2fb48bc0 Exception <a 'java/lang/NoSuchMethodError'{0x000000008b434978}: 'void java.lang.invoke.DirectMethodHandle$Holder.invokeStatic(java.lang.Object, java.lang.Object, java.lang.Object)'> (0x000000008b434978) 
thrown [s\open\src\hotspot\share\interpreter\linkResolver.cpp, line 804]
Event: 0.460 Thread 0x000001fa2fb48bc0 Exception <a 'java/lang/NullPointerException'{0x000000008b4ea6c8}> (0x000000008b4ea6c8) 
thrown [s\open\src\hotspot\share\interpreter\linkResolver.cpp, line 1416]
Event: 0.460 Thread 0x000001fa2fb48bc0 Exception <a 'java/lang/NullPointerException'{0x000000008b4f0ea0}> (0x000000008b4f0ea0) 
thrown [s\open\src\hotspot\share\interpreter\linkResolver.cpp, line 1416]
Event: 0.501 Thread 0x000001fa2fb48bc0 Exception <a 'java/lang/NoSuchMethodError'{0x000000008b200e28}: 'java.lang.Object java.lang.invoke.DirectMethodHandle$Holder.invokeSpecialIFC(java.lang.Object, java.lang.Object, java.lang.Object, java.lang.Object)'> (0x000000008b200e28) 
thrown [s\open\src\hotspot\share\interpreter\linkResolver.cpp, line 804]
Event: 0.740 Thread 0x000001fa2fb48bc0 Exception <a 'java/lang/NoSuchMethodError'{0x000000008ac268d0}: 'void java.lang.invoke.DirectMethodHandle$Holder.invokeSpecial(java.lang.Object, java.lang.Object, java.lang.Object)'> (0x000000008ac268d0) 
thrown [s\open\src\hotspot\share\interpreter\linkResolver.cpp, line 804]
Event: 0.798 Thread 0x000001fa2fb48bc0 Exception <a 'java/lang/NoSuchMethodError'{0x000000008abf8aa8}: 'java.lang.Object java.lang.invoke.DirectMethodHandle$Holder.invokeInterface(java.lang.Object, java.lang.Object)'> (0x000000008abf8aa8) 
thrown [s\open\src\hotspot\share\interpreter\linkResolver.cpp, line 804]
Event: 0.827 Thread 0x000001fa2fb48bc0 Exception <a 'java/lang/NoSuchMethodError'{0x000000008aac25f8}: 'int java.lang.invoke.DirectMethodHandle$Holder.invokeStatic(java.lang.Object, java.lang.Object, java.lang.Object, java.lang.Object)'> (0x000000008aac25f8) 
thrown [s\open\src\hotspot\share\interpreter\linkResolver.cpp, line 804]
Event: 0.835 Thread 0x000001fa2fb48bc0 Exception <a 'java/lang/NoSuchMethodError'{0x000000008aaec1d0}: 'int java.lang.invoke.DirectMethodHandle$Holder.invokeSpecialIFC(java.lang.Object, java.lang.Object, java.lang.Object, java.lang.Object, java.lang.Object)'> (0x000000008aaec1d0) 
thrown [s\open\src\hotspot\share\interpreter\linkResolver.cpp, line 804]
Event: 0.910 Thread 0x000001fa2fb48bc0 Exception <a 'java/lang/NoSuchMethodError'{0x000000008a710fb8}: 'java.lang.Object java.lang.invoke.DirectMethodHandle$Holder.newInvokeSpecial(java.lang.Object, java.lang.Object, java.lang.Object, java.lang.Object, java.lang.Object)'> (0x000000008a710fb8) 
thrown [s\open\src\hotspot\share\interpreter\linkResolver.cpp, line 804]
Event: 0.953 Thread 0x000001fa2fb48bc0 Exception <a 'java/lang/NoSuchMethodError'{0x000000008a653160}: 'int java.lang.invoke.DirectMethodHandle$Holder.invokeStaticInit(java.lang.Object, java.lang.Object)'> (0x000000008a653160) 
thrown [s\open\src\hotspot\share\interpreter\linkResolver.cpp, line 804]
Event: 0.963 Thread 0x000001fa2fb48bc0 Exception <a 'java/lang/NoClassDefFoundError'{0x000000008a694c58}: javax/enterprise/inject/Typed> (0x000000008a694c58) 
thrown [s\open\src\hotspot\share\classfile\systemDictionary.cpp, line 316]

VM Operations (6 events):
Event: 0.063 Executing non-safepoint VM operation: HandshakeAllThreads (Deoptimize)
Event: 0.063 Executing non-safepoint VM operation: HandshakeAllThreads (Deoptimize) done
Event: 0.331 Executing non-safepoint VM operation: HandshakeAllThreads (Deoptimize)
Event: 0.331 Executing non-safepoint VM operation: HandshakeAllThreads (Deoptimize) done
Event: 0.351 Executing non-safepoint VM operation: HandshakeAllThreads (Deoptimize)
Event: 0.351 Executing non-safepoint VM operation: HandshakeAllThreads (Deoptimize) done

Memory protections (0 events):
No events

Nmethod flushes (0 events):
No events

Events (13 events):
Event: 0.025 Thread 0x000001fa2fb48bc0 Thread added: 0x000001fa2fb48bc0
Event: 0.038 Thread 0x000001fa2fb48bc0 Thread added: 0x000001fa4ea68b90
Event: 0.038 Thread 0x000001fa2fb48bc0 Thread added: 0x000001fa4ea6a360
Event: 0.038 Thread 0x000001fa2fb48bc0 Thread added: 0x000001fa4ea6bd60
Event: 0.038 Thread 0x000001fa2fb48bc0 Thread added: 0x000001fa4ea707b0
Event: 0.038 Thread 0x000001fa2fb48bc0 Thread added: 0x000001fa4ea70f70
Event: 0.039 Thread 0x000001fa2fb48bc0 Thread added: 0x000001fa4ea71730
Event: 0.039 Thread 0x000001fa2fb48bc0 Thread added: 0x000001fa4ea7ca60
Event: 0.039 Thread 0x000001fa2fb48bc0 Thread added: 0x000001fa4ea87f20
Event: 0.051 Thread 0x000001fa2fb48bc0 Thread added: 0x000001fa4ebc5b10
Event: 0.053 Thread 0x000001fa2fb48bc0 Thread added: 0x000001fa4ebcc110
Event: 0.337 Thread 0x000001fa2fb48bc0 Thread added: 0x000001fa5329e190
Event: 1.071 Thread 0x000001fa5329e190 Thread exited: 0x000001fa5329e190


Dynamic libraries:
0x00007ff62b0d0000 - 0x00007ff62b0de000 	C:\Users\Boricia\.jdks\openjdk-25.0.2\bin\java.exe
0x00007ff867b30000 - 0x00007ff867d28000 	C:\WINDOWS\SYSTEM32\ntdll.dll
0x00007ff866cf0000 - 0x00007ff866db2000 	C:\WINDOWS\System32\KERNEL32.DLL
0x00007ff865560000 - 0x00007ff865856000 	C:\WINDOWS\System32\KERNELBASE.dll
0x00007ff860df0000 - 0x00007ff860e84000 	C:\WINDOWS\SYSTEM32\apphelp.dll
0x00007ff8658e0000 - 0x00007ff8659e0000 	C:\WINDOWS\System32\ucrtbase.dll
0x00007ff85e9b0000 - 0x00007ff85e9c7000 	C:\Users\Boricia\.jdks\openjdk-25.0.2\bin\jli.dll
0x00007ff85ef30000 - 0x00007ff85ef4e000 	C:\Users\Boricia\.jdks\openjdk-25.0.2\bin\VCRUNTIME140.dll
0x00007ff866dc0000 - 0x00007ff866f61000 	C:\WINDOWS\System32\USER32.dll
0x00007ff8652a0000 - 0x00007ff8652c2000 	C:\WINDOWS\System32\win32u.dll
0x00007ff84dd20000 - 0x00007ff84dfbb000 	C:\WINDOWS\WinSxS\amd64_microsoft.windows.common-controls_6595b64144ccf1df_6.0.19041.6456_none_60b8a6cb71f64256\COMCTL32.dll
0x00007ff866a90000 - 0x00007ff866b2e000 	C:\WINDOWS\System32\msvcrt.dll
0x00007ff866f70000 - 0x00007ff866f9b000 	C:\WINDOWS\System32\GDI32.dll
0x00007ff8659e0000 - 0x00007ff865af9000 	C:\WINDOWS\System32\gdi32full.dll
0x00007ff8652d0000 - 0x00007ff86536d000 	C:\WINDOWS\System32\msvcp_win.dll
0x00007ff865b50000 - 0x00007ff865b7f000 	C:\WINDOWS\System32\IMM32.DLL
0x00007ff85f990000 - 0x00007ff85f99c000 	C:\Users\Boricia\.jdks\openjdk-25.0.2\bin\vcruntime140_1.dll
0x00007ff84b050000 - 0x00007ff84b0dd000 	C:\Users\Boricia\.jdks\openjdk-25.0.2\bin\msvcp140.dll
0x00007ff804090000 - 0x00007ff804eef000 	C:\Users\Boricia\.jdks\openjdk-25.0.2\bin\server\jvm.dll
0x00007ff866fa0000 - 0x00007ff867051000 	C:\WINDOWS\System32\ADVAPI32.dll
0x00007ff866480000 - 0x00007ff86651f000 	C:\WINDOWS\System32\sechost.dll
0x00007ff866780000 - 0x00007ff8668a0000 	C:\WINDOWS\System32\RPCRT4.dll
0x00007ff865270000 - 0x00007ff865297000 	C:\WINDOWS\System32\bcrypt.dll
0x00007ff866a20000 - 0x00007ff866a8b000 	C:\WINDOWS\System32\WS2_32.dll
0x00007ff8646e0000 - 0x00007ff86472b000 	C:\WINDOWS\SYSTEM32\POWRPROF.dll
0x00007ff862b20000 - 0x00007ff862b47000 	C:\WINDOWS\SYSTEM32\WINMM.dll
0x00007ff85d220000 - 0x00007ff85d22a000 	C:\WINDOWS\SYSTEM32\VERSION.dll
0x00007ff8645a0000 - 0x00007ff8645b2000 	C:\WINDOWS\SYSTEM32\UMPDC.dll
0x00007ff863990000 - 0x00007ff8639a2000 	C:\WINDOWS\SYSTEM32\kernel.appcore.dll
0x00007ff85f950000 - 0x00007ff85f95a000 	C:\Users\Boricia\.jdks\openjdk-25.0.2\bin\jimage.dll
0x00007ff863760000 - 0x00007ff863961000 	C:\WINDOWS\SYSTEM32\DBGHELP.DLL
0x00007ff862ae0000 - 0x00007ff862b14000 	C:\WINDOWS\SYSTEM32\dbgcore.DLL
0x00007ff865370000 - 0x00007ff8653f2000 	C:\WINDOWS\System32\bcryptPrimitives.dll
0x00007ff85d9b0000 - 0x00007ff85d9cf000 	C:\Users\Boricia\.jdks\openjdk-25.0.2\bin\java.dll
0x00007ff8662f0000 - 0x00007ff86641b000 	C:\WINDOWS\System32\ole32.dll
0x00007ff867730000 - 0x00007ff867a84000 	C:\WINDOWS\System32\combase.dll
0x00007ff865b80000 - 0x00007ff8662f0000 	C:\WINDOWS\System32\SHELL32.dll
0x00007ff862ee0000 - 0x00007ff863685000 	C:\WINDOWS\SYSTEM32\windows.storage.dll
0x00007ff864bf0000 - 0x00007ff864c1b000 	C:\WINDOWS\SYSTEM32\Wldp.dll
0x00007ff867060000 - 0x00007ff86712d000 	C:\WINDOWS\System32\OLEAUT32.dll
0x00007ff8666d0000 - 0x00007ff86677d000 	C:\WINDOWS\System32\SHCORE.dll
0x00007ff866420000 - 0x00007ff86647b000 	C:\WINDOWS\System32\shlwapi.dll
0x00007ff8650f0000 - 0x00007ff865114000 	C:\WINDOWS\SYSTEM32\profapi.dll
0x00007ff85d940000 - 0x00007ff85d952000 	C:\Users\Boricia\.jdks\openjdk-25.0.2\bin\net.dll
0x00007ff864950000 - 0x00007ff8649ba000 	C:\WINDOWS\system32\mswsock.dll
0x00007ff85d920000 - 0x00007ff85d936000 	C:\Users\Boricia\.jdks\openjdk-25.0.2\bin\nio.dll
0x00007ff85d900000 - 0x00007ff85d917000 	C:\Users\Boricia\.jdks\openjdk-25.0.2\bin\zip.dll
0x00007ff84b020000 - 0x00007ff84b044000 	C:\Users\Boricia\.m2\wrapper\dists\apache-maven-3.9.16\0daed3be3ebd1c706f0e69e8b07c6b73f5cc4ea3dfce72a8d0ec2e849ca2ddb0\lib\jansi-native\Windows\x86_64\jansi.dll
0x00007ff85d9a0000 - 0x00007ff85d9b0000 	C:\Users\Boricia\.jdks\openjdk-25.0.2\bin\verify.dll

JVMTI agents: none

dbghelp: loaded successfully - version: 4.0.5 - missing functions: none
symbol engine: initialized successfully - sym options: 0x614 - pdb path: .;C:\Users\Boricia\.jdks\openjdk-25.0.2\bin;C:\WINDOWS\SYSTEM32;C:\WINDOWS\WinSxS\amd64_microsoft.windows.common-controls_6595b64144ccf1df_6.0.19041.6456_none_60b8a6cb71f64256;C:\Users\Boricia\.jdks\openjdk-25.0.2\bin\server;C:\Users\Boricia\.m2\wrapper\dists\apache-maven-3.9.16\0daed3be3ebd1c706f0e69e8b07c6b73f5cc4ea3dfce72a8d0ec2e849ca2ddb0\lib\jansi-native\Windows\x86_64

VM Arguments:
jvm_args: --enable-native-access=ALL-UNNAMED -Dclassworlds.conf=C:\Users\Boricia\.m2\wrapper\dists\apache-maven-3.9.16\0daed3be3ebd1c706f0e69e8b07c6b73f5cc4ea3dfce72a8d0ec2e849ca2ddb0\bin\m2.conf -Dmaven.home=C:\Users\Boricia\.m2\wrapper\dists\apache-maven-3.9.16\0daed3be3ebd1c706f0e69e8b07c6b73f5cc4ea3dfce72a8d0ec2e849ca2ddb0 -Dlibrary.jansi.path=C:\Users\Boricia\.m2\wrapper\dists\apache-maven-3.9.16\0daed3be3ebd1c706f0e69e8b07c6b73f5cc4ea3dfce72a8d0ec2e849ca2ddb0\lib\jansi-native -Dmaven.multiModuleProjectDirectory=C:\Users\Boricia\Documents\Projet spring\apv 
java_command: org.codehaus.plexus.classworlds.launcher.Launcher -Didea.version=2025.2.5 -Dmaven.ext.class.path=C:\Program Files\JetBrains\IntelliJ IDEA Community Edition 2025.2.5\plugins\maven\lib\maven-event-listener.jar -Djansi.passthrough=true -Dstyle.color=always -Dmaven.repo.local=C:\Users\Boricia\.m2\repository spring-boot:run
java_class_path (initial): C:\Users\Boricia\.m2\wrapper\dists\apache-maven-3.9.16\0daed3be3ebd1c706f0e69e8b07c6b73f5cc4ea3dfce72a8d0ec2e849ca2ddb0\boot\plexus-classworlds-2.11.0.jar
Launcher Type: SUN_STANDARD

[Global flags]
     intx CICompilerCount                          = 4                                         {product} {ergonomic}
     uint ConcGCThreads                            = 2                                         {product} {ergonomic}
     uint G1ConcRefinementThreads                  = 8                                         {product} {ergonomic}
   size_t G1HeapRegionSize                         = 1048576                                   {product} {ergonomic}
   size_t InitialHeapSize                          = 130023424                                 {product} {ergonomic}
   size_t MarkStackSize                            = 4194304                                   {product} {ergonomic}
   size_t MarkStackSizeMax                         = 536870912                                 {product} {ergonomic}
   size_t MaxHeapSize                              = 2080374784                                {product} {ergonomic}
   size_t MaxNewSize                               = 1247805440                                {product} {ergonomic}
   size_t MinHeapDeltaBytes                        = 1048576                                   {product} {ergonomic}
   size_t MinHeapSize                              = 8388608                                   {product} {ergonomic}
    uintx NonNMethodCodeHeapSize                   = 5832704                                {pd product} {ergonomic}
    uintx NonProfiledCodeHeapSize                  = 122945536                              {pd product} {ergonomic}
    uintx ProfiledCodeHeapSize                     = 122880000                              {pd product} {ergonomic}
    uintx ReservedCodeCacheSize                    = 251658240                              {pd product} {ergonomic}
     bool SegmentedCodeCache                       = true                                      {product} {ergonomic}
   size_t SoftMaxHeapSize                          = 2080374784                             {manageable} {ergonomic}
     bool UseCompressedOops                        = true                           {product lp64_product} {ergonomic}
     bool UseG1GC                                  = true                                      {product} {ergonomic}
     bool UseLargePagesIndividualAllocation        = false                                  {pd product} {ergonomic}

Logging:
Log output configuration:
 #0: stdout all=warning uptime,level,tags foldmultilines=false
 #1: stderr all=off uptime,level,tags foldmultilines=false

Release file:
IMPLEMENTOR="Oracle Corporation" 
JAVA_RUNTIME_VERSION="25.0.2+10-69" 
JAVA_VERSION="25.0.2" 
JAVA_VERSION_DATE="2026-01-20" 
LIBC="default" 
MODULES="java.base java.compiler java.datatransfer java.xml java.prefs java.desktop java.instrument java.logging java.management java.security.sasl java.naming java.rmi java.management.rmi java.net.http java.scripting java.security.jgss java.transaction.xa java.sql java.sql.rowset java.xml.crypto java.se java.smartcardio jdk.accessibility jdk.internal.jvmstat jdk.attach jdk.charsets jdk.internal.opt jdk.zipfs jdk.compiler jdk.crypto.cryptoki jdk.crypto.ec jdk.crypto.mscapi jdk.dynalink jdk.internal.ed jdk.editpad jdk.internal.vm.ci jdk.graal.compiler jdk.graal.compiler.management jdk.hotspot.agent jdk.httpserver jdk.incubator.vector jdk.internal.le jdk.internal.md jdk.jartool jdk.javadoc jdk.jcmd jdk.management jdk.management.agent jdk.jconsole jdk.jdeps jdk.jdwp.agent jdk.jdi jdk.jfr jdk.jlink jdk.jpackage jdk.jshell jdk.jsobject jdk.jstatd jdk.localedata jdk.management.jfr jdk.naming.dns jdk.naming.rmi jdk.net jdk.nio.mapmode jdk.sctp jdk.security.auth jdk.security.jgss jdk.unsupported jdk.unsupported.desktop jdk.xml.dom" 
OS_ARCH="x86_64" 
OS_NAME="Windows" 
SOURCE=".:git:405a5699ebd0" 

Environment Variables:
JAVA_HOME=C:\Users\Boricia\.jdks\openjdk-25.0.2
PATH=C:\Program Files\Common Files\Oracle\Java\javapath;C:\WINDOWS\system32;C:\WINDOWS;C:\WINDOWS\System32\Wbem;C:\WINDOWS\System32\WindowsPowerShell\v1.0\;C:\WINDOWS\System32\OpenSSH\;C:\Program Files\dotnet\;C:\Program Files\Microsoft SQL Server\150\Tools\Binn\;C:\Program Files\Microsoft SQL Server\Client SDK\ODBC\170\Tools\Binn\;C:\Program Files\MongoDB\Server\6.0\bin;C:\Program Files\Git\cmd;C:\Program Files\nodejs\;C:\Program Files\wkhtmltopdf\bin;C:\Program Files\Docker\Docker\resources\bin;C:\Program Files (x86)\Microsoft SQL Server\160\Tools\Binn\;C:\Program Files\Microsoft SQL Server\160\Tools\Binn\;C:\Program Files\Microsoft SQL Server\160\DTS\Binn\;C:\Program Files (x86)\Microsoft SQL Server\160\DTS\Binn\;C:\Program Files\Azure Data Studio\bin;C:\Program Files\MATLAB\R2023b\bin;C:\Program Files\IBM\SPSS\Statistics\25\JRE\bin;C:\Windows\System32\cmd.exe;C:\Users\Boricia\AppData\Local\Microsoft\WindowsApps;C:\Users\Boricia\.dotnet\tools;C:\Users\Boricia\AppData\Local\Packages\PythonSoftwareFoundation.Python.3.10_qbz5n2kfra8p0\LocalCache\Roaming\Python\Scripts;C:\Users\Boricia\AppData\Roaming\npm;C:\Users\Boricia\AppData\Local\Programs\Microsoft VS Code\bin;
USERNAME=Boricia
OS=Windows_NT
PROCESSOR_IDENTIFIER=Intel64 Family 6 Model 140 Stepping 1, GenuineIntel
TMP=C:\Users\Boricia\AppData\Local\Temp
TEMP=C:\Users\Boricia\AppData\Local\Temp




Compilation memory statistics disabled.

Periodic native trim disabled

---------------  S Y S T E M  ---------------

OS:
 Windows 10 , 64 bit Build 19041 (10.0.19041.5915)
OS uptime: 2 days 0:28 hours
Hyper-V role detected

CPU: total 8 (initial active 8) (4 cores per cpu, 2 threads per core) family 6 model 140 stepping 1 microcode 0xa4, cx8, cmov, fxsr, ht, mmx, 3dnowpref, sse, sse2, sse3, ssse3, sse4.1, sse4.2, popcnt, lzcnt, tsc, tscinvbit, avx, avx2, aes, erms, clmul, bmi1, bmi2, adx, avx512f, avx512dq, avx512cd, avx512bw, avx512vl, sha, fma, vzeroupper, avx512_vpopcntdq, avx512_vpclmulqdq, avx512_vaes, avx512_vnni, clflush, clflushopt, clwb, avx512_vbmi2, avx512_vbmi, hv, rdtscp, rdpid, fsrm, gfni, avx512_bitalg, f16c, cet_ibt, cet_ss, avx512_ifma
Processor Information for the first 8 processors :
  Max Mhz: 2611, Current Mhz: 2611, Mhz Limit: 2611

Memory: 4k page, system-wide physical 7930M (333M free)
TotalPageFile size 32506M (AvailPageFile size 14M)
current process WorkingSet (physical memory assigned to process): 94M, peak: 94M
current process commit charge ("private bytes"): 228M, peak: 232M

vm_info: OpenJDK 64-Bit Server VM (25.0.2+10-69) for windows-amd64 JRE (25.0.2+10-69), built on 2025-12-18T11:36:35Z with MS VC++ 17.13 (VS2022)

END.
